nohup: ignoring input
============================================================
Starte EKG-Segmentierung: 0.8s pro Beat.
Zielordner: ekg_images_224x224
============================================================
📁 Gefundene Unterordner: 22

============================================================
📂 Verarbeite Ordner: 00000
============================================================
📄 Dateien in 00000: 987
✅ 00000 abgeschlossen: 987 Records verarbeitet

============================================================
📂 Verarbeite Ordner: 01000
============================================================
📄 Dateien in 01000: 1000
✅ 01000 abgeschlossen: 1000 Records verarbeitet

============================================================
📂 Verarbeite Ordner: 02000
============================================================
📄 Dateien in 02000: 998
✅ 02000 abgeschlossen: 998 Records verarbeitet

============================================================
📂 Verarbeite Ordner: 03000
============================================================
📄 Dateien in 03000: 995
✅ 03000 abgeschlossen: 995 Records verarbeitet

============================================================
📂 Verarbeite Ordner: 04000
============================================================
📄 Dateien in 04000: 1000
✅ 04000 abgeschlossen: 1000 Records verarbeitet

============================================================
📂 Verarbeite Ordner: 05000
============================================================
📄 Dateien in 05000: 999
✅ 05000 abgeschlossen: 999 Records verarbeitet

============================================================
📂 Verarbeite Ordner: 06000
============================================================
📄 Dateien in 06000: 1000
✅ 06000 abgeschlossen: 1000 Records verarbeitet

============================================================
📂 Verarbeite Ordner: 07000
============================================================
📄 Dateien in 07000: 997
✅ 07000 abgeschlossen: 997 Records verarbeitet

============================================================
📂 Verarbeite Ordner: 08000
============================================================
📄 Dateien in 08000: 1000
✅ 08000 abgeschlossen: 1000 Records verarbeitet

============================================================
📂 Verarbeite Ordner: 09000
============================================================
📄 Dateien in 09000: 997
✅ 09000 abgeschlossen: 997 Records verarbeitet

============================================================
📂 Verarbeite Ordner: 10000
============================================================
📄 Dateien in 10000: 1000
✅ 10000 abgeschlossen: 1000 Records verarbeitet

============================================================
📂 Verarbeite Ordner: 11000
============================================================
📄 Dateien in 11000: 995
✅ 11000 abgeschlossen: 995 Records verarbeitet

============================================================
📂 Verarbeite Ordner: 12000
============================================================
📄 Dateien in 12000: 1000
✅ 12000 abgeschlossen: 1000 Records verarbeitet

============================================================
📂 Verarbeite Ordner: 13000
============================================================
📄 Dateien in 13000: 995
✅ 13000 abgeschlossen: 995 Records verarbeitet

============================================================
📂 Verarbeite Ordner: 14000
============================================================
📄 Dateien in 14000: 1000
✅ 14000 abgeschlossen: 1000 Records verarbeitet

============================================================
📂 Verarbeite Ordner: 15000
============================================================
📄 Dateien in 15000: 999
✅ 15000 abgeschlossen: 999 Records verarbeitet

============================================================
📂 Verarbeite Ordner: 16000
============================================================
📄 Dateien in 16000: 1000
✅ 16000 abgeschlossen: 1000 Records verarbeitet

============================================================
📂 Verarbeite Ordner: 17000
============================================================
📄 Dateien in 17000: 1000
✅ 17000 abgeschlossen: 1000 Records verarbeitet

============================================================
📂 Verarbeite Ordner: 18000
============================================================
📄 Dateien in 18000: 999
✅ 18000 abgeschlossen: 999 Records verarbeitet

============================================================
📂 Verarbeite Ordner: 19000
============================================================
📄 Dateien in 19000: 1000
✅ 19000 abgeschlossen: 1000 Records verarbeitet

============================================================
📂 Verarbeite Ordner: 20000
============================================================
📄 Dateien in 20000: 1000
✅ 20000 abgeschlossen: 1000 Records verarbeitet

============================================================
📂 Verarbeite Ordner: 21000
============================================================
📄 Dateien in 21000: 838
✅ 21000 abgeschlossen: 838 Records verarbeitet

============================================================
✅ GESAMTVERARBEITUNG ABGESCHLOSSEN
📊 Statistik:
   - Records verarbeitet: 21799
   - Herzschläge gespeichert: 247965
   - Output-Ordner: ekg_images_224x224
============================================================
